{
    "Resp": {
        "envvars": [
            {
                "name": "DEVPOD_IDE_ALIAS",
                "value": "intellij"
            }
        ],
        "supervisor_image": "khulnasoft/devpod-environment/build/supervisor:commit-ff38b98b7dde4929159bcaeec68d178898dc2139",
        "web_image": "khulnasoft/devpod-environment/build/ide/code:nightly@sha256:8669f6ab8dceefde11138bf4bc0ee73b934b2cc47e6135426f05fb4343ec5ab1",
        "ide_image_layers": [
            "khulnasoft/devpod-environment/build/ide/intellij:latest@sha256:e07524e52089829dc8d3b38f7d18fb51b24f07aed7d8e4e6e447899687978d43",
            "khulnasoft/devpod-environment/build/ide/jb-backend-plugin:commit-b38092639d1783a1957894ddd4f492b3cdc9794a-latest",
            "khulnasoft/devpod-environment/build/ide/jb-launcher:commit-b38092639d1783a1957894ddd4f492b3cdc9794a"
        ],
        "ide_settings": "{\"defaultIde\":\"intellij\",\"useLatestVersion\":true}\n"
    },
    "Err": ""
}
