{
    "result": {
        "url": "https://github.com/khulnasoft/devpod",
        "repoName": "devpod",
        "configurationId": "123",
        "configurationName": "Devpod"
    },
    "err": ""
}
